=====================================================================================================================

ERROR [2018-12-05 09:18:05]

Create file error
Array
(
    [response] => stdClass Object
        (
            [message] => File not found
            [code] => 404
        )

)

=====================================================================================================================

ERROR [2018-12-05 09:18:39]

Create file error
Array
(
    [response] => stdClass Object
        (
            [message] => File not found
            [code] => 404
        )

)

=====================================================================================================================

ERROR [2018-12-05 09:19:09]

Create file error
Array
(
    [response] => stdClass Object
        (
            [message] => File not found
            [code] => 404
        )

)

=====================================================================================================================

ERROR [2018-12-05 12:34:16]

Update file error
Array
(
    [response] => 
)

=====================================================================================================================

ERROR [2018-12-05 12:35:50]

Update file error
Array
(
    [response] => stdClass Object
        (
            [errors] => Array
                (
                    [0] => stdClass Object
                        (
                            [message] => File\File does not have 'url' property.
                        )

                )

        )

)

=====================================================================================================================

ERROR [2018-12-05 13:39:24]

Create file error
Array
(
    [response] => stdClass Object
        (
            [message] => File not found
            [code] => 404
        )

)

=====================================================================================================================

ERROR [2018-12-05 13:39:38]

Create file error
Array
(
    [response] => stdClass Object
        (
            [message] => File not found
            [code] => 404
        )

)

